14/07/2026 12:53:11 Startup!
14/07/2026 12:53:12 Shutdown!
14/07/2026 12:53:22 Startup!
14/07/2026 12:53:24 Shutdown!
14/07/2026 12:53:26 Startup!
14/07/2026 12:53:31 alex[1] 6
14/07/2026 12:53:34 Shutdown!
14/07/2026 12:53:35 Startup!
14/07/2026 12:53:38 alex[1] 7
14/07/2026 12:53:39 alex[1] 3
14/07/2026 12:53:39 alex[1] 7
14/07/2026 12:53:39 alex[1] 9
14/07/2026 12:53:39 alex[1] 10
14/07/2026 12:53:43 Shutdown!
14/07/2026 12:53:48 Startup!
14/07/2026 12:53:52 alexander[999] 6
14/07/2026 12:54:05 vanya_123[123] 3
14/07/2026 12:54:16 ERROR: malformed request: eltex-v42[0]: how much time do I have?
14/07/2026 12:54:38 denis[0] 4
14/07/2026 12:54:47 Shutdown!
14/07/2026 12:55:08 Startup!
14/07/2026 12:55:11 ERROR: malformed request: eltex-v42[0]: how much time do I have?
14/07/2026 12:55:16 ERROR: malformed request: eltex-v42[0]: how much time do I have?
14/07/2026 12:55:17 ERROR: malformed request: eltex-v42[0]: how much time do I have?
14/07/2026 12:55:25 ERROR: malformed request: sasha[0]: how much time do I have?
14/07/2026 12:55:32 Shutdown!
14/07/2026 12:55:45 Startup!
14/07/2026 12:55:48 ERROR: malformed request: sasha[0]: how much time do I have?
14/07/2026 12:55:51 ERROR: malformed request: eltex-v42[0]: how much time do I have?
14/07/2026 12:55:54 Shutdown!
14/07/2026 12:56:07 Startup!
14/07/2026 12:56:10 sasha[0] 9
14/07/2026 12:59:58 Shutdown!
26/07/2026 04:38:37 Startup!
26/07/2026 04:40:11 Startup!
26/07/2026 04:54:47 Startup!
26/07/2026 04:54:58 ERROR: malformed request: eu ied  ae
26/07/2026 04:55:06 Shutdown!
26/07/2026 05:07:34 Startup!
26/07/2026 05:07:57 Shutdown!
26/07/2026 05:08:32 Startup!
26/07/2026 05:08:47 Shutdown!
26/07/2026 05:12:00 Startup!
26/07/2026 05:12:29 Shutdown!
26/07/2026 05:25:20 Startup!
26/07/2026 05:25:29 ERROR: malformed request: template_tak.h[01] o uhtm oIhv?t03:hwmc m oIhv?tss[02] o uhtm oIhv?th03] o uhtm oIhv?t c ied  ae
26/07/2026 05:25:35 ERROR: malformed request: tss[04] o uhtmd  ae
26/07/2026 05:25:50 template_task.sh[60948] 8
26/07/2026 05:25:50 ERROR: malformed request: 8
26/07/2026 05:26:01 template_task.sh[60954] 5
26/07/2026 05:26:01 ERROR: malformed request: 5
26/07/2026 05:27:15 template_task.sh[60962] 6
26/07/2026 05:27:15 ERROR: malformed request: 6
26/07/2026 05:27:20 template_task.sh[60968] 3
26/07/2026 05:27:20 ERROR: malformed request: 3
26/07/2026 05:31:50 Shutdown!
26/07/2026 05:37:50 Startup!
26/07/2026 05:37:56 template_task.sh[61000] 7
26/07/2026 05:39:45 template_task.sh[61010] 3
26/07/2026 05:41:18 template_task.sh[61027] 3
26/07/2026 05:42:28 template_task.sh[61038] 4
26/07/2026 05:42:54 Shutdown!
26/07/2026 05:43:08 Startup!
26/07/2026 05:43:13 template_task.sh[61063] 6
26/07/2026 05:43:21 template_task.sh[61074] 5
26/07/2026 05:43:28 Shutdown!
