26/07/2026 04:22:25 [60667] Скрипт запущен
26/07/2026 04:22:26 [60670] Скрипт запущен
26/07/2026 04:22:28 [60673] Скрипт запущен
26/07/2026 04:23:02 [60680] Скрипт запущен
26/07/2026 04:37:09 [60708] Скрипт запущен
26/07/2026 04:47:41 [60736] Скрипт запущен
26/07/2026 04:48:15 [60745] Скрипт запущен
26/07/2026 04:51:13 [60757] Скрипт запущен
26/07/2026 04:51:44 [60766] Скрипт запущен
26/07/2026 04:52:40 [60776] Скрипт запущен
26/07/2026 04:52:43 [60776] Скрипт завершился, работал 3 секунд.
26/07/2026 04:53:02 [60782] Скрипт запущен
26/07/2026 04:53:05 [60782] Скрипт завершился, работал 3 секунд.
26/07/2026 04:54:58 [60793] Скрипт запущен
26/07/2026 05:07:39 [60839] Скрипт запущен
26/07/2026 05:07:39 [60839] Скрипт завершился, работал temlate_task.sh[60839]: how muchtied  ae секунд.
26/07/2026 05:08:34 [60855] Скрипт запущен
26/07/2026 05:08:34 [60855] Скрипт завершился, работал template_task.sh[6855]: how much time do I have секунд.
26/07/2026 05:12:04 [60875] Скрипт запущен
26/07/2026 05:12:04 [60875] Скрипт завершился, работал template_task.sh[6875]: how much time do I have? секунд.
26/07/2026 05:12:06 [60880] Скрипт запущен
26/07/2026 05:12:06 [60880] Скрипт завершился, работал template_task.sh[60880]: how much timedo I have? секунд.
26/07/2026 05:12:08 [60885] Скрипт запущен
26/07/2026 05:12:08 [60885] Скрипт завершился, работал template_task.sh[60885]: how muc time do I have? секунд.
26/07/2026 05:25:23 [60918] Скрипт запущен
26/07/2026 05:25:23 [60918] Скрипт завершился, работал ss698:hwmc ied  ae секунд.
26/07/2026 05:25:27 [60923] Скрипт запущен
26/07/2026 05:25:27 [60923] Скрипт завершился, работал emplate_task.sh[692] o uhtied  ae секунд.
26/07/2026 05:25:28 [60928] Скрипт запущен
26/07/2026 05:25:28 [60928] Скрипт завершился, работал emplate_tak.h698:hwmc ied  ae секунд.
26/07/2026 05:25:28 [60933] Скрипт запущен
26/07/2026 05:25:28 [60933] Скрипт завершился, работал emplate_task.s[693:hwmc ied  ae секунд.
26/07/2026 05:25:29 [60938] Скрипт запущен
26/07/2026 05:25:35 [60942] Скрипт запущен
26/07/2026 05:25:50 [60948] Скрипт запущен
26/07/2026 05:26:01 [60954] Скрипт запущен
26/07/2026 05:27:15 [60962] Скрипт запущен
26/07/2026 05:27:20 [60968] Скрипт запущен
26/07/2026 05:37:55 [61000] Скрипт запущен
26/07/2026 05:39:45 [61010] Скрипт запущен
26/07/2026 05:39:48 [61010] Скрипт завершился, работал  секунд.
26/07/2026 05:41:17 [61027] Скрипт запущен
26/07/2026 05:41:21 [61027] Скрипт завершился, работал  секунд.
26/07/2026 05:42:28 [61038] Скрипт запущен
26/07/2026 05:42:32 [61038] Скрипт завершился, работал 4.5 секунд.
26/07/2026 05:43:13 [61063] Скрипт запущен
26/07/2026 05:43:19 [61063] Скрипт завершился, работал 6.1 секунд.
26/07/2026 05:43:21 [61074] Скрипт запущен
26/07/2026 05:43:26 [61074] Скрипт завершился, работал 5.1 секунд.
